// Jest Snapshot v1, https://goo.gl/fbAQLP

exports[`index normal 1`] = `
Object {
  "properties": Object {
    "files": Object {
      "items": Array [
        Object {
          "properties": Object {
            "classes": Object {
              "items": Array [
                Object {
                  "properties": Object {
                    "flag": Object {
                      "title": undefined,
                      "type": "string",
                    },
                    "foo": Object {
                      "format": "function",
                      "properties": Object {
                        "signatures": Object {
                          "items": Array [
                            Object {
                              "properties": Object {
                                "params": Object {
                                  "items": Array [
                                    Object {
                                      "title": undefined,
                                      "type": "string",
                                    },
                                    Object {
                                      "title": undefined,
                                      "type": "integer",
                                    },
                                    Object {
                                      "properties": Object {
                                        "city": Object {
                                          "title": undefined,
                                          "type": "string",
                                        },
                                      },
                                      "type": "object",
                                    },
                                  ],
                                  "type": "array",
                                },
                                "return": Object {
                                  "title": undefined,
                                  "type": "string",
                                },
                              },
                              "type": "object",
                            },
                          ],
                          "type": "array",
                        },
                      },
                      "title": "foo",
                      "type": "object",
                    },
                    "foo2": Object {
                      "format": "function",
                      "properties": Object {
                        "signatures": Object {
                          "items": Array [
                            Object {
                              "properties": Object {
                                "params": Object {
                                  "items": Array [],
                                  "type": "array",
                                },
                                "return": Object {
                                  "title": undefined,
                                  "type": "integer",
                                },
                              },
                              "type": "object",
                            },
                          ],
                          "type": "array",
                        },
                      },
                      "title": "foo2",
                      "type": "object",
                    },
                    "foo3": Object {
                      "format": "function",
                      "properties": Object {
                        "signatures": Object {
                          "items": Array [
                            Object {
                              "properties": Object {
                                "params": Object {
                                  "items": Array [],
                                  "type": "array",
                                },
                                "return": Object {
                                  "properties": Object {
                                    "data": Object {
                                      "title": undefined,
                                      "type": "string",
                                    },
                                  },
                                  "type": "object",
                                },
                              },
                              "type": "object",
                            },
                          ],
                          "type": "array",
                        },
                      },
                      "title": "foo3",
                      "type": "object",
                    },
                    "foo4": Object {
                      "format": "function",
                      "properties": Object {
                        "signatures": Object {
                          "items": Array [
                            Object {
                              "properties": Object {
                                "params": Object {
                                  "items": Array [],
                                  "type": "array",
                                },
                                "return": Object {
                                  "properties": Object {
                                    "foo3Result": Object {
                                      "properties": Object {
                                        "data": Object {
                                          "title": undefined,
                                          "type": "string",
                                        },
                                      },
                                      "type": "object",
                                    },
                                  },
                                  "type": "object",
                                },
                              },
                              "type": "object",
                            },
                          ],
                          "type": "array",
                        },
                      },
                      "title": "foo4",
                      "type": "object",
                    },
                  },
                  "title": "Animal",
                  "type": "object",
                },
                Object {
                  "properties": Object {
                    "foo5": Object {
                      "format": "function",
                      "properties": Object {
                        "signatures": Object {
                          "items": Array [
                            Object {
                              "properties": Object {
                                "params": Object {
                                  "items": Array [],
                                  "type": "array",
                                },
                                "return": Object {
                                  "properties": Object {
                                    "data": Object {
                                      "properties": Object {
                                        "foo3Result": Object {
                                          "properties": Object {
                                            "data": Object {
                                              "title": undefined,
                                              "type": "string",
                                            },
                                          },
                                          "type": "object",
                                        },
                                      },
                                      "type": "object",
                                    },
                                  },
                                  "type": "object",
                                },
                              },
                              "type": "object",
                            },
                          ],
                          "type": "array",
                        },
                      },
                      "title": "foo5",
                      "type": "object",
                    },
                    "walk": Object {
                      "format": "function",
                      "properties": Object {
                        "decorators": Object {
                          "items": Array [
                            Object {
                              "properties": Object {
                                "arguments": Object {
                                  "items": Array [
                                    Object {
                                      "const": "'meta'",
                                      "type": "string",
                                    },
                                  ],
                                  "type": "array",
                                },
                              },
                              "title": "addMeta",
                              "type": "object",
                            },
                          ],
                          "type": "array",
                        },
                        "signatures": Object {
                          "items": Array [
                            Object {
                              "properties": Object {
                                "params": Object {
                                  "items": Array [],
                                  "type": "array",
                                },
                                "return": Object {
                                  "format": "promise",
                                  "properties": Object {
                                    "typeArguments": Object {
                                      "items": Array [
                                        Object {
                                          "title": undefined,
                                          "type": "integer",
                                        },
                                      ],
                                      "type": "array",
                                    },
                                  },
                                  "type": "object",
                                },
                              },
                              "type": "object",
                            },
                          ],
                          "type": "array",
                        },
                      },
                      "title": "walk",
                      "type": "object",
                    },
                  },
                  "title": "Cat",
                  "type": "object",
                },
              ],
              "type": "array",
            },
            "functions": Object {
              "items": Array [
                Object {
                  "format": "function",
                  "properties": Object {
                    "signatures": Object {
                      "items": Array [
                        Object {
                          "properties": Object {
                            "params": Object {
                              "items": Array [
                                Object {
                                  "title": undefined,
                                  "type": "string",
                                },
                              ],
                              "type": "array",
                            },
                            "return": Object {
                              "format": "function",
                              "properties": Object {
                                "signatures": Object {
                                  "items": Array [
                                    Object {
                                      "properties": Object {
                                        "params": Object {
                                          "items": Array [
                                            Object {},
                                            Object {
                                              "title": undefined,
                                              "type": "string",
                                            },
                                            Object {
                                              "properties": Object {
                                                "configurable": Object {},
                                                "enumerable": Object {},
                                                "get": Object {},
                                                "set": Object {},
                                                "value": Object {},
                                                "writable": Object {},
                                              },
                                              "type": "object",
                                            },
                                          ],
                                          "type": "array",
                                        },
                                        "return": Object {},
                                      },
                                      "type": "object",
                                    },
                                  ],
                                  "type": "array",
                                },
                              },
                              "title": "__function",
                              "type": "object",
                            },
                          },
                          "type": "object",
                        },
                      ],
                      "type": "array",
                    },
                  },
                  "title": "addMeta",
                  "type": "object",
                },
                Object {
                  "format": "function",
                  "properties": Object {
                    "signatures": Object {
                      "items": Array [
                        Object {
                          "properties": Object {
                            "params": Object {
                              "items": Array [
                                Object {
                                  "title": undefined,
                                  "type": "string",
                                },
                                Object {
                                  "title": undefined,
                                  "type": "integer",
                                },
                                Object {
                                  "properties": Object {
                                    "city": Object {
                                      "title": undefined,
                                      "type": "string",
                                    },
                                  },
                                  "type": "object",
                                },
                              ],
                              "type": "array",
                            },
                            "return": Object {
                              "properties": Object {
                                "age": Object {
                                  "title": undefined,
                                  "type": "string",
                                },
                                "list": Object {},
                                "name": Object {
                                  "title": undefined,
                                  "type": "string",
                                },
                              },
                              "type": "object",
                            },
                          },
                          "type": "object",
                        },
                      ],
                      "type": "array",
                    },
                  },
                  "title": "foo",
                  "type": "object",
                },
              ],
              "type": "array",
            },
          },
          "title": "__test__/fixture.ts",
          "type": "object",
        },
      ],
      "type": "array",
    },
  },
  "type": "object",
}
`;
